// Jest Snapshot v1, https://goo.gl/fbAQLP

exports[`habits에 대한 테스트 코드 스탭샷 테스트 코드 1`] = `
<div
  className="habits"
>
  <form
    className="add-form"
    onSubmit={[Function]}
  >
    <input
      className="add-input"
      placeholder="Habit"
      type="text"
    />
    <button
      className="add-button"
    >
      Add
    </button>
  </form>
  <ul>
    <li
      className="habit"
    >
      <span
        className="habit-name"
      >
        study
      </span>
      <span
        className="habit-count"
        data-testid="count"
      >
        1
      </span>
      <button
        className="habit-button habit-increase"
        data-testid="increase"
        onClick={[Function]}
      >
        <i
          className="fas fa-plus-square"
        />
      </button>
      <button
        className="habit-button habit-decrease"
        data-testid="decrease"
        onClick={[Function]}
      >
        <i
          className="fas fa-minus-square"
        />
      </button>
      <button
        className="habit-button habit-delete"
        data-testid="delete"
        onClick={[Function]}
      >
        <i
          className="fas fa-trash"
        />
      </button>
    </li>
    <li
      className="habit"
    >
      <span
        className="habit-name"
      >
        sleep
      </span>
      <span
        className="habit-count"
        data-testid="count"
      >
        0
      </span>
      <button
        className="habit-button habit-increase"
        data-testid="increase"
        onClick={[Function]}
      >
        <i
          className="fas fa-plus-square"
        />
      </button>
      <button
        className="habit-button habit-decrease"
        data-testid="decrease"
        onClick={[Function]}
      >
        <i
          className="fas fa-minus-square"
        />
      </button>
      <button
        className="habit-button habit-delete"
        data-testid="delete"
        onClick={[Function]}
      >
        <i
          className="fas fa-trash"
        />
      </button>
    </li>
  </ul>
  <button
    className="habits-reset"
    onClick={[MockFunction]}
  >
    Reset All
  </button>
</div>
`;
