// Jest Snapshot v1, https://goo.gl/fbAQLP

exports[`habit 컴포넌트에 대한 테스트 코드 habit 컴포넌트 스냅샷 테스트 1`] = `
<li
  className="habit"
>
  <span
    className="habit-name"
  >
    sleep
  </span>
  <span
    className="habit-count"
    data-testid="count"
  >
    0
  </span>
  <button
    className="habit-button habit-increase"
    data-testid="increase"
    onClick={[Function]}
  >
    <i
      className="fas fa-plus-square"
    />
  </button>
  <button
    className="habit-button habit-decrease"
    data-testid="decrease"
    onClick={[Function]}
  >
    <i
      className="fas fa-minus-square"
    />
  </button>
  <button
    className="habit-button habit-delete"
    data-testid="delete"
    onClick={[Function]}
  >
    <i
      className="fas fa-trash"
    />
  </button>
</li>
`;
