// Jest Snapshot v1, https://goo.gl/fbAQLP

exports[`AddForm 기능 테스트 코드 렌더 스냅샷 테스트 1`] = `
<form
  className="add-form"
  onSubmit={[Function]}
>
  <input
    className="add-input"
    placeholder="Habit"
    type="text"
  />
  <button
    className="add-button"
  >
    Add
  </button>
</form>
`;
