// Jest Snapshot v1, https://goo.gl/fbAQLP

exports[`habits에 대한 테스트 코드 스냅샷 테스트 1`] = `
<nav
  className="navbar"
>
  <i
    className="navbar-logo fas fa-leaf"
  />
  <span>
    Habit Tracker
  </span>
  <span
    className="navbar-count"
    data-testid="total-count"
  />
</nav>
`;
